top  320x568      36 KB
full 320x568      101 KB (2x)
slice s1 320x568     25 KB (scrollTop=568/4590)
slice s2 320x568     23 KB (scrollTop=1136/4590)
slice s3 320x568     19 KB (scrollTop=1704/4590)
slice s4 320x568     27 KB (scrollTop=2272/4590)
slice s5 320x568     35 KB (scrollTop=2840/4590)
slice s6 320x568     25 KB (scrollTop=3408/4590)
slice s7 320x568     26 KB (scrollTop=3976/4590)
slice s8 320x568     25 KB (scrollTop=4022/4590)
top  360x800      49 KB
full 360x800      138 KB (2x)
slice s1 360x800     33 KB (scrollTop=800/4426)
slice s2 360x800     36 KB (scrollTop=1600/4426)
slice s3 360x800     49 KB (scrollTop=2400/4426)
slice s4 360x800     36 KB (scrollTop=3200/4426)
slice s5 360x800     36 KB (scrollTop=3626/4426)
top  390x844      50 KB
full 390x844      143 KB (2x)
slice s1 390x844     35 KB (scrollTop=844/4467)
slice s2 390x844     44 KB (scrollTop=1688/4467)
slice s3 390x844     47 KB (scrollTop=2532/4467)
slice s4 390x844     39 KB (scrollTop=3376/4467)
slice s5 390x844     36 KB (scrollTop=3623/4467)
top  430x932      51 KB
full 430x932      148 KB (2x)
slice s1 430x932     38 KB (scrollTop=932/4467)
slice s2 430x932     53 KB (scrollTop=1864/4467)
slice s3 430x932     52 KB (scrollTop=2796/4467)
slice s4 430x932     43 KB (scrollTop=3535/4467)
top  600x900      61 KB
full 600x900      177 KB (2x)
slice s1 600x900     56 KB (scrollTop=900/4325)
slice s2 600x900     74 KB (scrollTop=1800/4325)
slice s3 600x900     64 KB (scrollTop=2700/4325)
slice s4 600x900     45 KB (scrollTop=3425/4325)
top  760x900      69 KB
full 760x900      202 KB (2x)
slice s1 760x900     69 KB (scrollTop=900/4368)
slice s2 760x900     71 KB (scrollTop=1800/4368)
slice s3 760x900     83 KB (scrollTop=2700/4368)
slice s4 760x900     47 KB (scrollTop=3468/4368)
top  761x900      94 KB
full 761x900      304 KB (2x)
slice s1 761x900     66 KB (scrollTop=900/4285)
slice s2 761x900     72 KB (scrollTop=1800/4285)
slice s3 761x900     75 KB (scrollTop=2700/4285)
slice s4 761x900     60 KB (scrollTop=3385/4285)
top  768x1024     104 KB
full 768x1024     331 KB (2x)
slice s1 768x1024    59 KB (scrollTop=1024/4285)
slice s2 768x1024    105 KB (scrollTop=2048/4285)
slice s3 768x1024    70 KB (scrollTop=3072/4285)
slice s4 768x1024    63 KB (scrollTop=3261/4285)
top  820x1180     119 KB
full 820x1180     372 KB (2x)
slice s1 820x1180    83 KB (scrollTop=1180/4268)
slice s2 820x1180    100 KB (scrollTop=2360/4268)
slice s3 820x1180    77 KB (scrollTop=3088/4268)
top  900x900      103 KB
full 900x900      331 KB (2x)
slice s1 900x900     58 KB (scrollTop=900/4225)
slice s2 900x900     77 KB (scrollTop=1800/4225)
slice s3 900x900     86 KB (scrollTop=2700/4225)
slice s4 900x900     63 KB (scrollTop=3325/4225)
top  988x1394     156 KB
full 988x1394     482 KB (2x)
slice s1 988x1394    119 KB (scrollTop=1394/4182)
slice s2 988x1394    110 KB (scrollTop=2788/4182)
top  1024x1366    145 KB
full 1024x1366    450 KB (2x)
slice s1 1024x1366   111 KB (scrollTop=1366/4182)
slice s2 1024x1366   119 KB (scrollTop=2732/4182)
slice s3 1024x1366   107 KB (scrollTop=2816/4182)
top  1053x1394    159 KB
full 1053x1394    489 KB (2x)
slice s1 1053x1394   122 KB (scrollTop=1394/4182)
slice s2 1053x1394   111 KB (scrollTop=2788/4182)
top  1200x900     120 KB
full 1200x900     390 KB (2x)
slice s1 1200x900    62 KB (scrollTop=900/4138)
slice s2 1200x900    106 KB (scrollTop=1800/4138)
slice s3 1200x900    91 KB (scrollTop=2700/4138)
slice s4 1200x900    71 KB (scrollTop=3238/4138)
top  1366x768     123 KB
full 1366x768     406 KB (2x)
slice s1 1366x768    66 KB (scrollTop=768/3853)
slice s2 1366x768    91 KB (scrollTop=1536/3853)
slice s3 1366x768    92 KB (scrollTop=2304/3853)
slice s4 1366x768    73 KB (scrollTop=3072/3853)
slice s5 1366x768    70 KB (scrollTop=3085/3853)
top  1440x900     138 KB
full 1440x900     464 KB (2x)
slice s1 1440x900    72 KB (scrollTop=900/4053)
slice s2 1440x900    110 KB (scrollTop=1800/4053)
slice s3 1440x900    130 KB (scrollTop=2700/4053)
slice s4 1440x900    77 KB (scrollTop=3153/4053)
top  1600x900     150 KB
full 1600x900     497 KB (2x)
slice s1 1600x900    61 KB (scrollTop=900/3993)
slice s2 1600x900    138 KB (scrollTop=1800/3993)
slice s3 1600x900    117 KB (scrollTop=2700/3993)
slice s4 1600x900    79 KB (scrollTop=3093/3993)
top  1920x1080    186 KB
full 1920x1080    593 KB (2x)
slice s1 1920x1080   117 KB (scrollTop=1080/3993)
slice s2 1920x1080   155 KB (scrollTop=2160/3993)
slice s3 1920x1080   103 KB (scrollTop=2913/3993)
top  2560x1440    213 KB
full 2560x1440    704 KB (2x)
slice s1 2560x1440   231 KB (scrollTop=1440/3950)
slice s2 2560x1440   205 KB (scrollTop=2510/3950)
top  3840x2160    339 KB
full 3840x2160    1140 KB (2x)
slice s1 3840x2160   333 KB (scrollTop=1790/3950)
DONE zoom=100% sizes=20 scroll=True page=system
